// Jest Snapshot v1, https://goo.gl/fbAQLP

exports[`App has a valid snapshot 1`] = `
<div>
  <div
    class="App"
  >
    <header
      class="App-header"
    >
      <h4>
        SimpleWeather
      </h4>
      <div
        class="Location-search"
      >
        <div
          class="Search-box"
        >
          <input
            aria-autocomplete="list"
            aria-expanded="false"
            autocomplete="off"
            class="location-search-input"
            disabled=""
            placeholder="Enter City..."
            role="combobox"
            type="text"
            value=""
          />
        </div>
        <span
          class="Geolocation"
        >
          <i
            class="fas fa-map-marker-alt fa-2x"
          />
        </span>
      </div>
    </header>
    <div
      class="Current-weather"
    />
    <div
      class="Forecast"
    />
  </div>
</div>
`;
